// Jest Snapshot v1, https://goo.gl/fbAQLP

exports[`Login Page test 1`] = `
<div>
  This is Login Page
</div>
`;
